{"config":{"cpus":1,"db":{"dsn":"***","idle":1,"open":1,"lifetime":0},"grpc":{"interface":"127.0.0.1:8092","timeout":0,"token":"***"},"migration":{"table":"migration","schema":"public","limit":0,"dry-run":false},"monitoring":{"enabled":true,"interface":"127.0.0.1:8091"},"profiling":{"enabled":true,"interface":"127.0.0.1:8090"},"server":{"interface":"127.0.0.1:80","read-timeout":1000000000,"read-header-timeout":1000000000,"write-timeout":1000000000,"idle-timeout":1000000000,"base-url":"http://localhost/"},"service":{}}}